[INFO] Scanning for projects...
[INFO] 
[INFO] ----------------------< com.example:archix-base >-----------------------
[INFO] Building archix-base 0.0.1-SNAPSHOT
[INFO]   from pom.xml
[INFO] --------------------------------[ jar ]---------------------------------
[INFO] 
[INFO] --- clean:3.4.1:clean (default-clean) @ archix-base ---
[INFO] Deleting C:\Users\khalid\Desktop\archix\Backend\target
[INFO] 
[INFO] --- resources:3.3.1:resources (default-resources) @ archix-base ---
[INFO] Copying 1 resource from src\main\resources to target\classes
[INFO] Copying 0 resource from src\main\resources to target\classes
[INFO] 
[INFO] --- compiler:3.14.0:compile (default-compile) @ archix-base ---
[INFO] Recompiling the module because of changed source code.
[INFO] Compiling 98 source files with javac [debug parameters release 21] to target\classes
[WARNING] /C:/Users/khalid/Desktop/archix/Backend/src/main/java/archix_base/identity/dto/AuthResponse.java:[12,20] @Builder will ignore the initializing expression entirely. If you want the initializing expression to serve as default, add @Builder.Default. If it is not supposed to be settable during building, make the field final.
[INFO] ------------------------------------------------------------------------
[INFO] BUILD SUCCESS
[INFO] ------------------------------------------------------------------------
[INFO] Total time:  41.892 s
[INFO] Finished at: 2026-01-30T06:40:06+01:00
[INFO] ------------------------------------------------------------------------
